Inside the limits

Execution Plan
----------------------------------------------------------
Plan hash value: 3337892515

---------------------------------------------------------------
| Id  | Operation          | Name     | Rows  | Bytes | Cost  |
---------------------------------------------------------------
|   0 | SELECT STATEMENT   |          |     1 |     3 |     2 |
|   1 |  SORT AGGREGATE    |          |     1 |     3 |       |
|*  2 |   TABLE ACCESS FULL| AUDIENCE |   527 |  1581 |     2 |
---------------------------------------------------------------

Predicate Information (identified by operation id):
---------------------------------------------------

   2 - filter("MONTH_NO">=6 AND "MONTH_NO"<=9)

Note
-----
   - cpu costing is off (consider enabling it)

Outside the limits

Execution Plan
----------------------------------------------------------
Plan hash value: 3337892515

---------------------------------------------------------------
| Id  | Operation          | Name     | Rows  | Bytes | Cost  |
---------------------------------------------------------------
|   0 | SELECT STATEMENT   |          |     1 |     3 |     2 |
|   1 |  SORT AGGREGATE    |          |     1 |     3 |       |
|*  2 |   TABLE ACCESS FULL| AUDIENCE |   100 |   300 |     2 |
---------------------------------------------------------------

Predicate Information (identified by operation id):
---------------------------------------------------

   2 - filter("MONTH_NO">=14 AND "MONTH_NO"<=17)

Note
-----
   - cpu costing is off (consider enabling it)

Further outside the limits

Execution Plan
----------------------------------------------------------
Plan hash value: 3337892515

---------------------------------------------------------------
| Id  | Operation          | Name     | Rows  | Bytes | Cost  |
---------------------------------------------------------------
|   0 | SELECT STATEMENT   |          |     1 |     3 |     2 |
|   1 |  SORT AGGREGATE    |          |     1 |     3 |       |
|*  2 |   TABLE ACCESS FULL| AUDIENCE |   100 |   300 |     2 |
---------------------------------------------------------------

Predicate Information (identified by operation id):
---------------------------------------------------

   2 - filter("MONTH_NO">=18 AND "MONTH_NO"<=21)

Note
-----
   - cpu costing is off (consider enabling it)

Too far outside the limits

Execution Plan
----------------------------------------------------------
Plan hash value: 3337892515

---------------------------------------------------------------
| Id  | Operation          | Name     | Rows  | Bytes | Cost  |
---------------------------------------------------------------
|   0 | SELECT STATEMENT   |          |     1 |     3 |     2 |
|   1 |  SORT AGGREGATE    |          |     1 |     3 |       |
|*  2 |   TABLE ACCESS FULL| AUDIENCE |   100 |   300 |     2 |
---------------------------------------------------------------

Predicate Information (identified by operation id):
---------------------------------------------------

   2 - filter("MONTH_NO">=24 AND "MONTH_NO"<=27)

Note
-----
   - cpu costing is off (consider enabling it)

